\BOOKMARK [1][-]{section.1}{\376\377\214\003\170\024\145\271\124\021\140\073\211\310\116\016\150\300\175\042\145\271\154\325}{}% 1
\BOOKMARK [1][-]{section.2}{\376\377\226\217\147\072\147\000\117\030\143\247\122\066\116\016\120\250\200\375\214\003\136\246\377\010\000S\000D\000P\000/\000M\000P\000C\377\011}{}% 2
\BOOKMARK [2][-]{subsection.2.1}{\376\377\145\271\124\021\151\202\217\360}{section.2}% 3
\BOOKMARK [2][-]{subsection.2.2}{\376\377\116\343\210\150\140\047\135\345\117\134}{section.2}% 4
\BOOKMARK [2][-]{subsection.2.3}{\376\377\133\371\142\021\116\354\166\204\141\017\116\111}{section.2}% 5
\BOOKMARK [1][-]{section.3}{\376\377\215\037\203\167\116\016\116\367\150\074\230\204\155\113}{}% 6
\BOOKMARK [2][-]{subsection.3.1}{\376\377\145\271\124\021\151\202\217\360}{section.3}% 7
\BOOKMARK [2][-]{subsection.3.2}{\376\377\116\343\210\150\140\047\135\345\117\134}{section.3}% 8
\BOOKMARK [2][-]{subsection.3.3}{\376\377\133\371\142\021\116\354\166\204\141\017\116\111}{section.3}% 9
\BOOKMARK [1][-]{section.4}{\376\377\165\065\116\367\145\077\173\126\116\016\142\020\147\054\176\323\147\204\377\010\000T\000O\000U\060\001\134\360\120\074\227\000\154\102\215\071\060\001\231\210\177\121\211\304\122\031\377\011}{}% 10
\BOOKMARK [2][-]{subsection.4.1}{\376\377\145\271\124\021\151\202\217\360}{section.4}% 11
\BOOKMARK [2][-]{subsection.4.2}{\376\377\116\343\210\150\140\047\135\345\117\134}{section.4}% 12
\BOOKMARK [2][-]{subsection.4.3}{\376\377\133\371\142\021\116\354\166\204\141\017\116\111}{section.4}% 13
\BOOKMARK [1][-]{section.5}{\376\377\135\114\121\145\137\017\220\350\177\162\116\016\201\352\220\002\136\224\000/\000O\000T\000A\000\040\146\364\145\260}{}% 14
\BOOKMARK [2][-]{subsection.5.1}{\376\377\145\271\124\021\151\202\217\360}{section.5}% 15
\BOOKMARK [2][-]{subsection.5.2}{\376\377\116\343\210\150\140\047\135\345\117\134}{section.5}% 16
\BOOKMARK [2][-]{subsection.5.3}{\376\377\133\371\142\021\116\354\166\204\141\017\116\111}{section.5}% 17
\BOOKMARK [1][-]{section.6}{\376\377\176\323\147\204\201\352\220\002\136\224\116\016\201\352\122\250\177\026\213\321\143\247\122\066\150\106\147\266}{}% 18
\BOOKMARK [2][-]{subsection.6.1}{\376\377\145\271\124\021\151\202\217\360}{section.6}% 19
\BOOKMARK [2][-]{subsection.6.2}{\376\377\116\343\210\150\140\047\135\345\117\134}{section.6}% 20
\BOOKMARK [2][-]{subsection.6.3}{\376\377\133\371\142\021\116\354\166\204\141\017\116\111}{section.6}% 21
\BOOKMARK [1][-]{section.7}{\376\377\140\073\176\323\377\032\145\207\163\056\176\331\142\021\116\354\166\204\133\232\117\115\116\016\172\172\166\175}{}% 22
